// Jest Snapshot v1, https://goo.gl/fbAQLP

exports[`Should render review microdata annotations and HTML 1`] = `
Array [
  .c6 {
  white-space: pre-line;
  color: #708C91;
  font-size: 13px;
  font-weight: 400;
  line-height: 16px;
}

.c5 {
  display: -webkit-box;
  display: -webkit-flex;
  display: -ms-flexbox;
  display: flex;
  padding-left: 24px !important;
  padding-right: 24px !important;
  margin-left: 0;
  margin-right: 0;
}

.c5 > * {
  -webkit-flex: 1 0 auto;
  -ms-flex: 1 0 auto;
  flex: 1 0 auto;
}

.c5 > * + * {
  text-align: right;
}

.c5 .c7 {
  display: inline;
}

.c1 .section-content {
  padding-left: 24px;
  padding-right: 24px;
}

.c1 .section-content--noHorizontalSpacing {
  padding-left: 0;
  padding-right: 0;
}

.c4 {
  white-space: pre-line;
  color: #708C91;
  font-size: 16px;
  font-weight: 400;
  line-height: 20px;
}

.c3 {
  display: -webkit-box;
  display: -webkit-flex;
  display: -ms-flexbox;
  display: flex;
  -webkit-flex-direction: column;
  -ms-flex-direction: column;
  flex-direction: column;
  padding: 8px 0;
  word-break: break-word;
  padding-left: 24px !important;
  padding-right: 24px !important;
  margin-left: 0;
  margin-right: 0;
}

.c2 {
  white-space: pre-line;
  color: #054752;
  font-size: 18px;
  font-weight: 400;
  line-height: 20px;
}

.c0 {
  padding-top: 8px;
  padding-bottom: 8px;
  margin: 0;
}

.c0.kirk-is-review-response .kirk-review-inner {
  padding-left: 24px;
}

.c0 .kirk-review-title {
  margin: 0;
}

@media (min-width:800px) {
  .c1 .section-content {
    margin-left: auto;
    margin-right: auto;
    max-width: 662px;
  }

  .c1 .section-content.section-content--large {
    max-width: 1016px;
  }
}

<blockquote
    className="c0"
    itemScope={true}
    itemType="http://schema.org/Review"
  >
    <div
      className="kirk-review-inner"
    >
      <div
        className="c1"
        role="presentation"
      >
        <div
          className="section-content"
        >
          <h2
            className="kirk-review-title"
            itemProp="reviewRating"
            itemScope={true}
            itemType="https://schema.org/Rating"
          >
            <span
              className="c2"
              itemProp="reviewRating"
            >
              Review title
            </span>
          </h2>
        </div>
      </div>
      <div
        className="c1"
        role="presentation"
      >
        <div
          className="section-content section-content--noHorizontalSpacing"
        >
          <div
            className="c3"
            role="presentation"
          >
            <p
              className="c4"
              itemProp="reviewBody"
            >
              Review content
            </p>
          </div>
          <div
            className="c5"
          >
            <time
              dateTime="2017-08-07T14:10:40.526Z"
            >
              <span
                className="c6"
              >
                05 jul - 17:39
              </span>
            </time>
          </div>
        </div>
      </div>
    </div>
  </blockquote>,
  .c6 {
  white-space: pre-line;
  color: #708C91;
  font-size: 13px;
  font-weight: 400;
  line-height: 16px;
}

.c5 {
  display: -webkit-box;
  display: -webkit-flex;
  display: -ms-flexbox;
  display: flex;
  padding-left: 24px !important;
  padding-right: 24px !important;
  margin-left: 0;
  margin-right: 0;
}

.c5 > * {
  -webkit-flex: 1 0 auto;
  -ms-flex: 1 0 auto;
  flex: 1 0 auto;
}

.c5 > * + * {
  text-align: right;
}

.c5 .c7 {
  display: inline;
}

.c1 .section-content {
  padding-left: 24px;
  padding-right: 24px;
}

.c1 .section-content--noHorizontalSpacing {
  padding-left: 0;
  padding-right: 0;
}

.c4 {
  white-space: pre-line;
  color: #708C91;
  font-size: 16px;
  font-weight: 400;
  line-height: 20px;
}

.c3 {
  display: -webkit-box;
  display: -webkit-flex;
  display: -ms-flexbox;
  display: flex;
  -webkit-flex-direction: column;
  -ms-flex-direction: column;
  flex-direction: column;
  padding: 8px 0;
  word-break: break-word;
  padding-left: 24px !important;
  padding-right: 24px !important;
  margin-left: 0;
  margin-right: 0;
}

.c2 {
  white-space: pre-line;
  color: #054752;
  font-size: 18px;
  font-weight: 400;
  line-height: 20px;
}

.c0 {
  padding-top: 8px;
  padding-bottom: 8px;
  margin: 0;
}

.c0.kirk-is-review-response .kirk-review-inner {
  padding-left: 24px;
}

.c0 .kirk-review-title {
  margin: 0;
}

@media (min-width:800px) {
  .c1 .section-content {
    margin-left: auto;
    margin-right: auto;
    max-width: 662px;
  }

  .c1 .section-content.section-content--large {
    max-width: 1016px;
  }
}

<blockquote
    className="c0 kirk-is-review-response"
    itemScope={true}
    itemType="http://schema.org/Review"
  >
    <div
      className="kirk-review-inner"
    >
      <div
        className="c1"
        role="presentation"
      >
        <div
          className="section-content"
        >
          <h2
            className="kirk-review-title"
          >
            <span
              className="c2"
            >
              Review title
            </span>
          </h2>
        </div>
      </div>
      <div
        className="c1"
        role="presentation"
      >
        <div
          className="section-content section-content--noHorizontalSpacing"
        >
          <div
            className="c3"
            role="presentation"
          >
            <p
              className="c4"
              itemProp="reviewBody"
            >
              Review content
            </p>
          </div>
          <div
            className="c5"
          >
            <time
              dateTime="2017-08-07T14:10:40.526Z"
            >
              <span
                className="c6"
              >
                05 jul - 17:39
              </span>
            </time>
          </div>
        </div>
      </div>
    </div>
  </blockquote>,
]
`;
