// Jest Snapshot v1, https://goo.gl/fbAQLP

exports[`Item Should not have changed 1`] = `
.c2 {
  fill: #708C91;
}

.c2.kirk-icon-wrapper {
  display: inline-block;
  position: relative;
}

.c2.kirk-icon-shadowed {
  border-radius: 50%;
  box-shadow: 0 0 2px rgba(0,0,0,.3);
}

.c2 .kirk-icon-badge {
  position: absolute;
  bottom: 12px;
  left: 12px;
}

.c1 {
  margin: 0;
  font-weight: 400;
}

.c1.kirk-text-button {
  color: #054752;
  font-size: 16px;
  line-height: 20px;
}

.c1.kirk-text-body,
.c1.kirk-text-bodyStrong {
  color: #708C91;
  font-size: 16px;
  line-height: 20px;
}

.c1.kirk-text-caption {
  color: #708C91;
  font-size: 13px;
  line-height: 16px;
}

.c1.kirk-text-title,
.c1.kirk-text-titleStrong {
  color: #054752;
  font-size: 18px;
  line-height: 20px;
}

.c1.kirk-text-display2 {
  color: #054752;
  font-size: 82px;
  line-height: 82px;
  font-weight: 500;
}

.c1.kirk-text-display1 {
  color: #054752;
  font-size: 30px;
  line-height: 1.06;
  font-weight: 500;
}

.c1.kirk-text-subheader,
.c1.kirk-text-subheaderStrong {
  color: #054752;
  font-size: 22px;
  line-height: 24px;
}

.c1.kirk-text-title,
.c1.kirk-text-titleStrong {
  color: #054752;
  font-size: 18px;
  line-height: 20px;
}

.c1.kirk-text-bodyStrong,
.c1.kirk-text-subheaderStrong,
.c1.kirk-text-titleStrong {
  font-weight: 500;
}

.c0 {
  padding-left: 24px !important;
  padding-right: 24px !important;
  margin-left: 0;
  margin-right: 0;
}

.c0 {
  position: relative;
  display: -webkit-box;
  display: -webkit-flex;
  display: -ms-flexbox;
  display: flex;
  padding-top: 16px;
  padding-bottom: 16px;
  -webkit-align-items: center;
  -webkit-box-align: center;
  -ms-flex-align: center;
  align-items: center;
  -webkit-flex: 1;
  -ms-flex: 1;
  flex: 1;
  border: 0;
  background: none;
  white-space: pre-line;
}

.c0.kirk-item--clickable:hover {
  cursor: pointer;
  background: #EDEDED;
}

.c0.kirk-item--hideHoverBackground.kirk-item--clickable:hover {
  background: none;
}

.c0.kirk-item--wrappable {
  -webkit-flex-flow: wrap;
  -ms-flex-flow: wrap;
  flex-flow: wrap;
  padding-top: 8px;
  padding-bottom: 8px;
}

.c0.kirk-item--wrappable .kirk-item-leftWrapper {
  padding-top: 8px;
  padding-bottom: 8px;
}

.c0.kirk-item--wrappable .kirk-item-leftText {
  margin-right: 24px;
}

.c0.kirk-item--wrappable .kirk-item-rightText {
  margin-left: 0;
  margin-top: 8px;
  margin-bottom: 8px;
  text-align: left;
}

.c0 .kirk-item-tagToken {
  display: block;
  padding-bottom: 4px;
}

.c0:disabled {
  cursor: default;
}

a.c0 {
  background: none;
  -webkit-text-decoration: none;
  text-decoration: none;
  -webkit-user-select: none;
  -moz-user-select: none;
  -ms-user-select: none;
  user-select: none;
  -webkit-tap-highlight-color: rgba(221,221,221,.4);
  -webkit-touch-callout: none;
}

button.c0 {
  cursor: pointer;
  text-align: left;
  width: 100%;
  font-family: inherit;
  background-color: transparent;
  -webkit-tap-highlight-color: rgba(221,221,221,.4);
  -webkit-touch-callout: none;
}

button:focus:not(.focus-visible).c0 {
  outline: none;
}

.c0 .kirk-item-leftWrapper {
  display: -webkit-box;
  display: -webkit-flex;
  display: -ms-flexbox;
  display: flex;
  -webkit-box-flex: 1;
  -webkit-flex-grow: 1;
  -ms-flex-positive: 1;
  flex-grow: 1;
  -webkit-align-items: center;
  -webkit-box-align: center;
  -ms-flex-align: center;
  align-items: center;
}

.c0 .kirk-item-leftText {
  -webkit-flex: 1;
  -ms-flex: 1;
  flex: 1;
}

.c0 .kirk-item-rightText {
  margin-left: 16px;
  text-align: right;
}

.c0 .kirk-text {
  display: block;
}

.c0 .kirk-item-title--withBody {
  margin-bottom: 4px;
}

.c0 .kirk-item--strikethrough {
  -webkit-text-decoration: line-through;
  text-decoration: line-through;
}

.c0 .kirk-item-title--withButtonAddon {
  position: relative;
}

.c0 .kirk-item-leftAddon,
.c0 .kirk-item-rightAddon {
  display: -webkit-inline-box;
  display: -webkit-inline-flex;
  display: -ms-inline-flexbox;
  display: inline-flex;
  min-width: 24px;
  -webkit-align-items: center;
  -webkit-box-align: center;
  -ms-flex-align: center;
  align-items: center;
}

.c0 .kirk-item-leftAddon {
  margin-right: 16px;
}

.c0 .kirk-item-rightAddon {
  margin-left: 16px;
}

.c0 .kirk-item-rightText--withAddon {
  display: -webkit-inline-box;
  display: -webkit-inline-flex;
  display: -ms-inline-flexbox;
  display: inline-flex;
  -webkit-align-items: center;
  -webkit-box-align: center;
  -ms-flex-align: center;
  align-items: center;
}

.c0 .kirk-item-rightText--withAddon svg {
  margin-right: 8px;
}

.c0.kirk-item--highlighted .kirk-text-title {
  color: #00AFF5;
}

.c0 .kirk-item-title--withButtonAddon button {
  position: absolute;
  width: 24px;
  height: 24px;
  margin-left: 4px;
  bottom: 0;
}

<div
  className="kirk-item c0 custom"
>
  <span
    className="kirk-item-leftWrapper"
  >
    <span
      className="kirk-item-leftText"
    >
      
      <span
        className="kirk-text kirk-text-title c1"
      >
        Test
      </span>
      <span
        className="kirk-text kirk-text-body c1 kirk-item-body"
      >
        Test
      </span>
    </span>
  </span>
  <span
    className="kirk-item-rightAddon"
  >
    <svg
      aria-hidden={true}
      className="kirk-icon c2"
      height={24}
      viewBox="0 0 24 24"
      width={24}
      xmlns="http://www.w3.org/2000/svg"
    >
      
      <g
        fill="none"
        fillRule="evenodd"
      >
        <g
          stroke="#708C91"
          strokeLinecap="round"
          strokeLinejoin="round"
        >
          <circle
            cx="12"
            cy="12"
            r="9.565"
          />
          <path
            d="M12 6.783V12h5.217"
          />
        </g>
      </g>
    </svg>
  </span>
</div>
`;
