// Jest Snapshot v1, https://goo.gl/fbAQLP

exports[`SelectField should have the expected markup in the DOM 1`] = `
.c1 {
  fill: #708C91;
}

.c1.kirk-icon-wrapper {
  display: inline-block;
  position: relative;
}

.c1.kirk-icon-shadowed {
  border-radius: 50%;
  box-shadow: 0 0 2px rgba(0,0,0,.3);
}

.c1 .kirk-icon-badge {
  position: absolute;
  bottom: 12px;
  left: 12px;
}

.c0 {
  display: block;
  width: 100%;
  box-sizing: border-box;
  padding-left: 24px !important;
  padding-right: 24px !important;
  margin-left: 0;
  margin-right: 0;
  padding: 8px 0;
}

.c0 .kirk-selectField-background {
  position: relative;
  color: #054752;
  background-color: #EDEDED;
  border-radius: 16px;
  border: solid 1px #EDEDED;
  box-shadow: none;
  padding: 0 0 0 16px;
}

.c0 select {
  display: block;
  position: relative;
  width: 100%;
  height: 52px;
  margin: 0;
  padding: 0 calc(8px + 24px) 0 0;
  font-size: 16px;
  line-height: 20px;
  color: #054752;
  box-shadow: none;
  background: transparent;
  -webkit-appearance: none;
  -moz-appearance: none;
  appearance: none;
  outline: 0;
  box-shadow: none;
  border: none;
  border-radius: 16px;
  cursor: pointer;
  z-index: 1;
}

.c0 select::-ms-expand {
  display: none;
}

.c0 select:focus {
  outline: none;
}

.c0 .kirk-icon {
  position: absolute;
  top: 0;
  bottom: 0;
  margin: auto;
  right: 8px;
  background: #EDEDED;
  z-index: 0;
}

.c0 .kirk-selectField--hasFocus {
  border: 3px solid #00AFF5;
}

.c0 .kirk-selectField--hasFocus select {
  height: calc(52px - 1px - 3px);
}

<div
  className="c0 kirk-selectField"
>
  <div
    className="kirk-selectField-background"
  >
    <select
      defaultValue="1"
      name="selectFieldName"
      onBlur={[Function]}
      onChange={[Function]}
      onFocus={[Function]}
      value="1"
    >
      <option
        aria-label="value 1"
        value="1"
      >
        val 1
      </option>
      <option
        value="2"
      >
        value 2
      </option>
    </select>
    <svg
      aria-hidden={true}
      className="kirk-icon c1"
      height={24}
      viewBox="0 0 24 24"
      width={24}
      xmlns="http://www.w3.org/2000/svg"
    >
      
      <polyline
        fill="none"
        points="9 18 15 12 9 6"
        stroke="#708C91"
        strokeLinecap="round"
        strokeLinejoin="round"
        strokeMiterlimit="10"
        strokeWidth="2"
        transform="rotate(90 12 12)"
      />
    </svg>
  </div>
</div>
`;
