// Jest Snapshot v1, https://goo.gl/fbAQLP

exports[`Columns should render default columns 1`] = `
.c1 {
  -webkit-flex: 1;
  -ms-flex: 1;
  flex: 1;
  text-indent: 0;
  margin: 0;
  padding: 0;
}

.c0 {
  display: -webkit-box;
  display: -webkit-flex;
  display: -ms-flexbox;
  display: flex;
  -webkit-flex-direction: row;
  -ms-flex-direction: row;
  flex-direction: row;
  list-style: none;
  padding: 0;
  margin: 0;
}

@media (max-width:799px) {
  .c0 {
    -webkit-flex-direction: column;
    -ms-flex-direction: column;
    flex-direction: column;
  }
}

<ul
  className="c0"
>
  <li
    className="kirk-column c1"
  >
    column 1
  </li>
  <li
    className="kirk-column c1"
  >
    column 2
  </li>
  <li
    className="kirk-column c1"
  >
    column 3
  </li>
</ul>
`;
