// Jest Snapshot v1, https://goo.gl/fbAQLP

exports[`Modal should not have changed 1`] = `
.c3 {
  fill: #00AFF5;
}

.c3.kirk-icon-wrapper {
  display: inline-block;
  position: relative;
}

.c3.kirk-icon-shadowed {
  border-radius: 50%;
  box-shadow: 0 0 2px rgba(0,0,0,.3);
}

.c3 .kirk-icon-badge {
  position: absolute;
  bottom: 12px;
  left: 12px;
}

.c2 {
  position: relative;
  box-sizing: border-box;
  display: -webkit-inline-box;
  display: -webkit-inline-flex;
  display: -ms-inline-flexbox;
  display: inline-flex;
  padding: 0 24px;
  border: 1px solid transparent;
  border-radius: 48px;
  font-size: 16px;
  line-height: 1;
  text-align: center;
  -webkit-text-decoration: none;
  text-decoration: none;
  cursor: pointer;
  font-family: inherit;
  height: 48px;
  min-width: 48px;
  max-width: 100%;
  overflow: hidden;
  -webkit-user-select: none;
  -moz-user-select: none;
  -ms-user-select: none;
  user-select: none;
  -webkit-align-items: center;
  -webkit-box-align: center;
  -ms-flex-align: center;
  align-items: center;
  -webkit-transition: max-width 500ms ease-in, background-color 200ms ease-in;
  transition: max-width 500ms ease-in, background-color 200ms ease-in;
  white-space: nowrap;
}

.c2 svg,
.c2 img {
  -webkit-flex-shrink: 0;
  -ms-flex-negative: 0;
  flex-shrink: 0;
}

.c2 svg {
  margin-right: 8px;
}

.c2.kirk-button-bubble svg {
  margin: 0;
}

.c2.kirk-itemChoice {
  border-radius: 0;
  overflow: visible;
  width: 100%;
}

.c2:hover,
.c2:active {
  outline: 0;
}

.c2.kirk-button-unstyled {
  background-color: transparent;
  border-radius: inherit;
  color: #00AFF5;
  padding: inherit;
  display: inherit;
  line-height: inherit;
  font-size: inherit;
  text-align: left;
  min-width: inherit;
  min-height: inherit;
  height: auto;
  white-space: normal;
}

.c2[disabled] {
  opacity: 0.5;
  cursor: default;
}

.c2.kirk-button-unstyled[disabled] {
  opacity: 1;
}

.c2.kirk-button-primary {
  background-color: #00AFF5;
  color: #FFF;
}

.c2.kirk-button-shadowed {
  border: 2px solid #FFF;
  box-shadow: 0 2px 4px rgba(0,0,0,.3);
  box-sizing: border-box;
}

.c2.kirk-button-primary:hover,
.c2.kirk-button-primary:focus,
.c2.kirk-button-primary:active {
  background-color: #008FC1;
}

.c2.kirk-button-secondary {
  background-color: #FFF;
  border-color: #DDD;
  color: #00AFF5;
}

.c2.kirk-button-secondary.kirk-button-shadowed {
  border: none;
}

.c2.kirk-button-secondary:hover,
.c2.kirk-button-secondary:focus,
.c2.kirk-button-secondary:active {
  background-color: #DDD;
}

.c2.kirk-button-tertiary {
  background-color: #FFF;
  border-color: transparent;
  color: #00AFF5;
}

.c2.kirk-button-tertiary:hover,
.c2.kirk-button-tertiary:focus,
.c2.kirk-button-tertiary:active {
  background-color: #DDD;
}

.c2.kirk-button-loading {
  background-color: transparent;
  max-width: initial;
  border: 0;
}

.c2.kirk-button-loading:hover,
.c2.kirk-button-loading:focus,
.c2.kirk-button-loading:active {
  background-color: transparent;
}

.c2.kirk-button-loading[disabled],
.c2.kirk-button-checked[disabled] {
  opacity: 1;
}

.c2 svg.kirk-button-loader {
  position: absolute;
  top: 0;
  left: 50%;
  margin-left: -24px;
}

.c2.kirk-button-checked {
  border: 0;
}

.c2.kirk-button-warning {
  background-color: #F53F5B;
  color: #FFF;
}

.c2.kirk-button-bubble {
  display: inline-block;
  text-align: center;
  padding: 0;
  line-height: 0;
  width: 48px;
  height: 48px;
}

.c2.kirk-button-bubble.kirk-button-shadowed {
  width: calc(48px - 2px * 2);
  height: calc(48px - 2px * 2);
}

.c2.kirk-button-facebook {
  background-color: #1877F2;
  color: #FFF;
}

.c2.kirk-button-vkontakte {
  background-color: #2787F5;
  color: #FFF;
}

.c1.fade {
  -webkit-transition: ease-in-out 200ms;
  transition: ease-in-out 200ms;
  -webkit-transition-property: opacity;
  transition-property: opacity;
}

.c1.fade-entering {
  opacity: 0;
}

.c1.fade-entered {
  opacity: 1;
}

.c1.fade-exiting {
  opacity: 0;
}

.c1.slide-up {
  -webkit-transition: ease-in-out 200ms;
  transition: ease-in-out 200ms;
  -webkit-transition-property: opacity,-webkit-transform;
  -webkit-transition-property: opacity,transform;
  transition-property: opacity,transform;
}

.c1.slide-up-entering {
  opacity: 0;
  -webkit-transform: translateY(50%);
  -ms-transform: translateY(50%);
  transform: translateY(50%);
}

.c1.slide-up-entered {
  opacity: 1;
}

.c1.slide-up-exiting {
  opacity: 0;
  -webkit-transform: translateY(50%);
  -ms-transform: translateY(50%);
  transform: translateY(50%);
}

.c0.kirk-modal-dimmer,
.c0.kirk-modal-dimmer--fullscreen {
  position: fixed;
  top: 0;
  right: 0;
  left: 0;
  bottom: 0;
  overflow: hidden;
  z-index: 999;
}

.c0.kirk-modal-dimmer--visible {
  background-color: rgba(0,0,0,0.5);
}

.c0.kirk-modal-dimmer--hide {
  background-color: #FFF;
}

.c0.kirk-modal-dimmer--fullscreen {
  background-color: transparent;
}

.c0.kirk-modal-dimmer--inactive {
  background-color: transparent;
  pointer-events: none;
}

.c0 .kirk-modal {
  position: fixed;
  top: 0;
  right: 0;
  width: 100%;
  height: 100%;
  overflow-y: auto;
}

.c0 .kirk-modal-dialog {
  position: relative;
  display: -webkit-box;
  display: -webkit-flex;
  display: -ms-flexbox;
  display: flex;
  padding-top: 24px;
  padding-bottom: 24px;
  padding-left: 24px;
  padding-right: 24px;
  margin: 24px auto;
  width: 662px;
  background-color: #FFF;
  border-radius: 8px;
}

.c0 .kirk-modal--small .kirk-modal-dialog {
  width: 400px;
}

.c0 .kirk-modal--large .kirk-modal-dialog {
  width: 928px;
}

.c0 .kirk-modal-body {
  -webkit-flex: 1;
  -ms-flex: 1;
  flex: 1;
}

.c0.kirk-modal-dimmer--fullscreen .kirk-modal-dialog {
  margin: 0;
  border-radius: 0;
  box-shadow: none;
  width: auto;
  min-height: 100%;
}

.c0 .kirk-modal--hasCloseButton .kirk-modal-dialog {
  padding-top: 70px;
}

.c0 .kirk-modal--hasCloseButton .kirk-modal-closeButton {
  position: absolute;
  top: 8px;
  left: 8px;
  background-color: transparent;
}

@media (hover:none),(hover:on-demand) {
  .c2.kirk-button-secondary:hover {
    background-color: #FFF;
  }
}

@media (max-width:799px) {
  .c0 .media-section {
    margin-left: -24px;
    margin-right: -24px;
  }
}

<div
  className="c0 kirk-modal-dimmer kirk-modal-dimmer--visible kirk-modal-dimmer--active"
>
  <div
    className="transition-wrapper"
  >
    <div
      aria-modal="true"
      className="c1 kirk-modal kirk-modal--medium kirk-modal--hasCloseButton slide-up slide-up-entered"
      onScroll={[Function]}
      role="dialog"
    >
      <div
        className="kirk-modal-dialog"
      >
        <button
          className="kirk-button kirk-button-primary kirk-button-bubble c2 kirk-modal-closeButton"
          disabled={false}
          onBlur={[Function]}
          onClick={[Function]}
          onFocus={[Function]}
          onMouseDown={[Function]}
          onMouseUp={[Function]}
          onTouchEnd={[Function]}
          onTouchStart={[Function]}
          type="button"
        >
          <svg
            aria-hidden={true}
            className="kirk-icon c3"
            height="18"
            viewBox="0 0 24 24"
            width="18"
            xmlns="http://www.w3.org/2000/svg"
          >
            
            <path
              d="M19 5L5 19M19 19L5 5"
              fill="none"
              stroke="#00AFF5"
              strokeLinecap="round"
              strokeLinejoin="round"
              strokeMiterlimit="10"
              strokeWidth="2"
            />
          </svg>
        </button>
        <div
          className="kirk-modal-body"
        />
      </div>
    </div>
  </div>
</div>
`;
